// Jest Snapshot v1, https://goo.gl/fbAQLP

exports[`StaffAccountAdd.vue renders correctly 1`] = `
<div>
  <cform-stub>
    <!---->
     
    <crow-stub
      gutters="true"
      tag="div"
    >
      <ccol-stub
        tag="div"
      >
        <cinput-stub
          label="First Name"
          lazy="400"
          placeholder="User first name"
          type="text"
          value=""
        />
      </ccol-stub>
       
      <ccol-stub
        tag="div"
      >
        <cinput-stub
          label="Last Name"
          lazy="400"
          placeholder="User last name"
          type="text"
          value=""
        />
      </ccol-stub>
    </crow-stub>
     
    <cinput-stub
      label="Email"
      lazy="400"
      placeholder="User email address"
      type="text"
      value=""
    />
     
    <cselect-stub
      id="role-select"
      label="Account Role"
      options="Management,Sales Rep,Reception"
      placeholder="Please select a role"
      value=""
    />
     
    <crow-stub
      gutters="true"
      tag="div"
    >
      <ccol-stub
        tag="div"
      >
        <label>
          Account Password
        </label>
      </ccol-stub>
       
      <ccol-stub
        class="d-flex align-items-end flex-column"
        tag="div"
      >
        <p
          style="color: red;"
        >
          JSEYFZ8CBXIN
        </p>
      </ccol-stub>
    </crow-stub>
     
    <label>
      Take note of the password and pass on to staff member. User will be
      prompted to change password upon first login.
    </label>
     
    <crow-stub
      class="justify-content-center mt-2"
      gutters="true"
      tag="div"
    >
      <cbutton-stub
        activeclass="router-link-active"
        color="primary"
        event="click"
        exactactiveclass="router-link-exact-active"
        id="create-staff"
        routertag="a"
        target="_self"
        type="submit"
      >
        
        Create
      
      </cbutton-stub>
       
      <cbutton-stub
        activeclass="router-link-active"
        class="ml-1"
        color="secondary"
        event="click"
        exactactiveclass="router-link-exact-active"
        routertag="a"
        target="_self"
        type="button"
      >
        
        Cancel
      
      </cbutton-stub>
    </crow-stub>
  </cform-stub>
</div>
`;
