// Jest Snapshot v1, https://goo.gl/fbAQLP

exports[`EditVehicleProperties.vue renders correctly 1`] = `
<div>
  <ccard-stub>
    <ccardbody-stub>
      <crow-stub
        class="ml-0 mr-0 d-flex justify-content-between"
        gutters="true"
        tag="div"
      >
        <h4
          class="mr-3"
        >
          Vehicle Properties
        </h4>
         
        <div>
          <cbutton-stub
            activeclass="router-link-active"
            class="mr-2"
            color="success"
            event="click"
            exactactiveclass="router-link-exact-active"
            routertag="a"
            target="_self"
            type="button"
          >
            Save changes
          </cbutton-stub>
           
          <cbutton-stub
            activeclass="router-link-active"
            color="danger"
            event="click"
            exactactiveclass="router-link-exact-active"
            routertag="a"
            target="_self"
            type="button"
          >
            Cancel
          </cbutton-stub>
        </div>
      </crow-stub>
       
      <!---->
       
      <hr />
       
      <!---->
    </ccardbody-stub>
  </ccard-stub>
</div>
`;
