// Jest Snapshot v1, https://goo.gl/fbAQLP

exports[`Vehicle.vue renders correctly 1`] = `
<div>
  <crow-stub
    gutters="true"
    tag="div"
  >
    <ccol-stub
      tag="div"
    >
      <vehicle-details-stub />
    </ccol-stub>
     
    <ccol-stub
      tag="div"
    >
      <vehicle-location-stub />
    </ccol-stub>
  </crow-stub>
   
  <vehicle-properties-stub />
</div>
`;
