// Jest Snapshot v1, https://goo.gl/fbAQLP

exports[`Register.vue renders correctly 1`] = `
<div
  class="c-app d-flex align-items-center min-vh-100"
>
  <ccontainer-stub
    fluid="true"
    tag="div"
  >
    <crow-stub
      class="justify-content-center"
      gutters="true"
      tag="div"
    >
      <ccol-stub
        md="6"
        tag="div"
      >
        <cbutton-stub
          activeclass="router-link-active"
          class="mx-4 mb-2"
          color="secondary"
          event="click"
          exactactiveclass="router-link-exact-active"
          id="registration-back-btn"
          routertag="a"
          target="_self"
          type="button"
        >
          
          Back
        
        </cbutton-stub>
         
        <ccard-stub
          class="mx-4 mb-0"
        >
          <ccardbody-stub
            class="p-4"
          >
            <cform-stub>
              <h1>
                Step 1: Register new account!
              </h1>
               
              <p
                class="text-muted"
              >
                
                This account will be the admin account to the dealership.
              
              </p>
               
              <crow-stub
                gutters="true"
                tag="div"
              >
                <ccol-stub
                  tag="div"
                >
                  <cinput-stub
                    autocomplete="username"
                    id="first-name-txt-field"
                    label="First Name"
                    lazy="400"
                    placeholder="ex. John"
                    type="text"
                    value=""
                  />
                </ccol-stub>
                 
                <ccol-stub
                  tag="div"
                >
                  <cinput-stub
                    autocomplete="username"
                    id="last-name-txt-field"
                    label="Last Name"
                    lazy="400"
                    placeholder="ex. Doe"
                    type="text"
                    value=""
                  />
                </ccol-stub>
              </crow-stub>
               
              <cinput-stub
                autocomplete="email"
                id="email-txt-field"
                label="email"
                lazy="400"
                placeholder="ex. john.doe@mail.com"
                type="text"
                value=""
              />
               
              <cinput-stub
                autocomplete="new-password"
                id="password-txt-field"
                label="Password"
                lazy="400"
                placeholder="password"
                type="password"
                value=""
              />
               
              <cinput-stub
                autocomplete="new-password"
                id="confirm-password-txt-field"
                label="Confirm Password"
                lazy="400"
                placeholder="confirm password"
                type="password"
                value=""
              />
               
              <cinput-stub
                disabled=""
                label="Account Role"
                lazy="400"
                type="text"
                value="Administration"
              />
            </cform-stub>
          </ccardbody-stub>
        </ccard-stub>
         
        <!---->
         
        <crow-stub
          class="mt-2 d-flex justify-content-center"
          gutters="true"
          tag="div"
        >
          <cbutton-stub
            activeclass="router-link-active"
            color="primary"
            event="click"
            exactactiveclass="router-link-exact-active"
            id="complete-registration-btn"
            routertag="a"
            target="_self"
            type="button"
          >
            
            Complete Registration
          
          </cbutton-stub>
        </crow-stub>
      </ccol-stub>
    </crow-stub>
  </ccontainer-stub>
</div>
`;
