// Jest Snapshot v1, https://goo.gl/fbAQLP

exports[`TheHeader.vue renders correctly 1`] = `
<cheader-stub
  colorscheme="light"
  fixed="true"
  tag="header"
  withsubheader="true"
>
  <ctoggler-stub
    class="ml-3 d-lg-none"
    inheader="true"
    tag="button"
  />
   
  <ctoggler-stub
    class="ml-3 d-md-down-none"
    inheader="true"
    tag="button"
  />
   
  <cheaderbrand-stub
    activeclass="router-link-active"
    class="mx-auto d-lg-none"
    event="click"
    exactactiveclass="router-link-exact-active"
    routertag="a"
    tag="div"
    target="_self"
    to="/"
  >
    <img
      alt="Responsive image"
      class="img-fluid"
      src="../assets/polaris.svg"
    />
     
    <cicon-stub
      alt="Logo"
      height="48"
      name="logo"
    />
  </cheaderbrand-stub>
   
  <cheadernav-stub
    class="ml-auto"
  >
    <theheaderdropdownnotif-stub />
     
    <theheaderdropdownmssgs-stub />
     
    <theheaderdropdownaccnt-stub
      class="mr-3"
    />
  </cheadernav-stub>
   
  <csubheader-stub
    class="px-3"
    tag="div"
  >
    <cbreadcrumbrouter-stub
      class="border-0 mb-0"
    />
  </csubheader-stub>
   
  <cmodal-stub
    backdrop="true"
    centered="true"
    closeonbackdrop="true"
    fade="true"
  >
    <!---->
  </cmodal-stub>
</cheader-stub>
`;
